******************************************************************************
       MSP430 Evaluation Linker PC v3.3.3                      
******************************************************************************
>> Linked Sat Jun 02 16:26:50 2012

OUTPUT FILE NAME:   <RadioKabinett.out>
ENTRY POINT SYMBOL: "_c_int00"  address: 0000e70c


MEMORY CONFIGURATION

         name            origin    length      used     unused   attr    fill
----------------------  --------  ---------  --------  --------  ----  --------
  SFR                   00000000   00000010  00000000  00000010  RWIX
  PERIPHERALS_8BIT      00000010   000000f0  00000000  000000f0  RWIX
  PERIPHERALS_16BIT     00000100   00000100  00000000  00000100  RWIX
  RAM                   00000200   00000100  00000086  0000007a  RWIX
  INFOD                 00001000   00000040  00000000  00000040  RWIX
  INFOC                 00001040   00000040  00000000  00000040  RWIX
  INFOB                 00001080   00000040  00000000  00000040  RWIX
  INFOA                 000010c0   00000040  00000000  00000040  RWIX
  FLASH                 0000e000   00001fe0  00000864  0000177c  RWIX
  INT00                 0000ffe0   00000002  00000000  00000002  RWIX
  INT01                 0000ffe2   00000002  00000000  00000002  RWIX
  INT02                 0000ffe4   00000002  00000000  00000002  RWIX
  INT03                 0000ffe6   00000002  00000000  00000002  RWIX
  INT04                 0000ffe8   00000002  00000000  00000002  RWIX
  INT05                 0000ffea   00000002  00000000  00000002  RWIX
  INT06                 0000ffec   00000002  00000000  00000002  RWIX
  INT07                 0000ffee   00000002  00000000  00000002  RWIX
  INT08                 0000fff0   00000002  00000002  00000000  RWIX
  INT09                 0000fff2   00000002  00000002  00000000  RWIX
  INT10                 0000fff4   00000002  00000000  00000002  RWIX
  INT11                 0000fff6   00000002  00000000  00000002  RWIX
  INT12                 0000fff8   00000002  00000000  00000002  RWIX
  INT13                 0000fffa   00000002  00000000  00000002  RWIX
  INT14                 0000fffc   00000002  00000000  00000002  RWIX
  RESET                 0000fffe   00000002  00000002  00000000  RWIX


SECTION ALLOCATION MAP

 output                                  attributes/
section   page    origin      length       input sections
--------  ----  ----------  ----------   ----------------
.pinit     0    0000e000    00000000     UNINITIALIZED

.bss       0    00000200    00000036     UNINITIALIZED
                  00000200    0000001b     softserial.obj (.bss)
                  0000021b    00000001     --HOLE--
                  0000021c    00000012     main.obj (.bss)
                  0000022e    00000004     rts430.lib : _lock.obj (.bss)
                  00000232    00000004                : boot.obj (.bss)

.stack     0    000002b0    00000050     UNINITIALIZED
                  000002b0    00000002     rts430.lib : boot.obj (.stack)
                  000002b2    0000004e     --HOLE--

.text      0    0000e000    000007f2     
                  0000e000    0000026c     main.obj (.text:loop)
                  0000e26c    00000130     rts430.lib : fs_add.obj (.text)
                  0000e39c    0000009a                : fs_div.obj (.text)
                  0000e436    00000076     main.obj (.text:Set_DCO)
                  0000e4ac    00000074     softserial.obj (.text:SoftSerial_RX_ISR)
                  0000e520    0000005c     adc.obj (.text:analogRead)
                  0000e57c    00000046     rts430.lib : autoinit.obj (.text:_auto_init)
                  0000e5c2    00000046                : fs_tou.obj (.text)
                  0000e608    0000003a     softserial.obj (.text:SoftSerial_SendByte)
                  0000e642    0000003a     softserial.obj (.text:SoftSerial_TX_ISR)
                  0000e67c    00000036     rts430.lib : fs_itof.obj (.text)
                  0000e6b2    0000002e     main.obj (.text:init)
                  0000e6e0    0000002c     rts430.lib : lsl16.obj (.text)
                  0000e70c    00000026                : boot.obj (.text:_c_int00_noexit)
                  0000e732    00000024                : fs_utof.obj (.text)
                  0000e756    00000022     softserial.obj (.text:SoftSerial_init)
                  0000e778    00000018     adc.obj (.text:analogPinSelect)
                  0000e790    00000018     main.obj (.text:delay_ms)
                  0000e7a8    00000012     adc.obj (.text:adcInit)
                  0000e7ba    00000012     rts430.lib : memcpy.obj (.text:memcpy)
                  0000e7cc    00000010                : epilog.obj (.text)
                  0000e7dc    0000000c     main.obj (.text:main)
                  0000e7e8    00000004     rts430.lib : pre_init.obj (.text:_system_pre_init)
                  0000e7ec    00000004                : exit.obj (.text:abort)
                  0000e7f0    00000002                : _lock.obj (.text:_nop)

.cinit     0    0000e7f2    00000068     
                  0000e7f2    00000036     main.obj (.cinit)
                  0000e828    0000002f     softserial.obj (.cinit)
                  0000e857    00000001     --HOLE-- [fill = 0]
                  0000e858    00000002     (.pad.cinit) [fill = 0]

.const     0    0000e85a    0000000a     
                  0000e85a    0000000a     main.obj (.const)

.int08     0    0000fff0    00000002     
                  0000fff0    00000002     softserial.obj (.int08)

.int09     0    0000fff2    00000002     
                  0000fff2    00000002     softserial.obj (.int09)

.reset     0    0000fffe    00000002     
                  0000fffe    00000002     rts430.lib : boot.obj (.reset)


GLOBAL SYMBOLS: SORTED ALPHABETICALLY BY Name 

address    name
--------   ----
00000200   .bss
0000e000   .text
0000004a   ADC10AE0
000001b0   ADC10CTL0
000001b2   ADC10CTL1
00000048   ADC10DTC0
00000049   ADC10DTC1
000001b4   ADC10MEM
000001bc   ADC10SA
00000057   BCSCTL1
00000058   BCSCTL2
00000053   BCSCTL3
0000e7ec   C$$EXIT
00000059   CACTL1
0000005a   CACTL2
000010fb   CALBC1_12MHZ
000010f9   CALBC1_16MHZ
000010ff   CALBC1_1MHZ
000010fd   CALBC1_8MHZ
000010fa   CALDCO_12MHZ
000010f8   CALDCO_16MHZ
000010fe   CALDCO_1MHZ
000010fc   CALDCO_8MHZ
0000005b   CAPD
00000056   DCOCTL
00000128   FCTL1
0000012a   FCTL2
0000012c   FCTL3
00000000   IE1
00000002   IFG1
0000e6e0   I_LSL
0000e708   I_LSL_1
0000e6f6   I_LSL_10
0000e6f4   I_LSL_11
0000e6f2   I_LSL_12
0000e6f0   I_LSL_13
0000e6ee   I_LSL_14
0000e6ec   I_LSL_15
0000e706   I_LSL_2
0000e704   I_LSL_3
0000e702   I_LSL_4
0000e700   I_LSL_5
0000e6fe   I_LSL_6
0000e6fc   I_LSL_7
0000e6fa   I_LSL_8
0000e6f8   I_LSL_9
00000022   P1DIR
00000025   P1IE
00000024   P1IES
00000023   P1IFG
00000020   P1IN
00000021   P1OUT
00000027   P1REN
00000026   P1SEL
00000041   P1SEL2
0000002a   P2DIR
0000002d   P2IE
0000002c   P2IES
0000002b   P2IFG
00000028   P2IN
00000029   P2OUT
0000002f   P2REN
0000002e   P2SEL
00000042   P2SEL2
0000e436   Set_DCO
0000e4ac   SoftSerial_RX_ISR
0000e608   SoftSerial_SendByte
0000e642   SoftSerial_TX_ISR
0000e756   SoftSerial_init
00000172   TA0CCR0
00000174   TA0CCR1
00000176   TA0CCR2
00000162   TA0CCTL0
00000164   TA0CCTL1
00000166   TA0CCTL2
00000160   TA0CTL
0000012e   TA0IV
00000170   TA0R
00000214   USARTTXBUF
0000007a   USICCTL
0000007a   USICKCTL
0000007b   USICNT
00000078   USICTL
00000078   USICTL0
00000079   USICTL1
0000007c   USISR
0000007d   USISRH
0000007c   USISRL
00000120   WDTCTL
00000300   __STACK_END
00000050   __STACK_SIZE
00000001   __TI_args_main
00000001   __TI_auto_init
00000001   __TI_exit
ffffffff   __binit__
00000200   __bss__
ffffffff   __c_args__
0000e7f2   __cinit__
00000236   __end__
0000e7f2   __etext__
0000e272   __fs_add
0000e39c   __fs_div
0000e67c   __fs_itof
0000e26c   __fs_sub
0000e5c2   __fs_tou
0000e732   __fs_utof
ffffffff   __pinit__
0000e000   __text__
0000e57c   _auto_init
0000e70c   _c_int00
0000e70c   _c_int00_noexit
00000232   _cleanup_ptr
00000234   _dtors_ptr
0000022e   _lock
0000e7f0   _nop
0000fffe   _reset_vector
000002b0   _stack
0000e7e8   _system_pre_init
00000230   _unlock
0000e7ec   abort
0000e7a8   adcInit
0000e778   analogPinSelect
0000e520   analogRead
ffffffff   binit
0000e85a   button1
0000021c   button1IsLow
0000e85b   button2
0000021e   button2IsLow
0000e85c   button3
00000220   button3IsLow
0000e85d   button4
00000222   button4IsLow
0000e85e   button5
00000224   button5IsLow
0000e85f   button6
00000226   button6IsLow
0000e7f2   cinit
0000e790   delay_ms
00000236   end
0000e7f2   etext
0000e7d8   func_epilog_1
0000e7d6   func_epilog_2
0000e7d4   func_epilog_3
0000e7d2   func_epilog_4
0000e7d0   func_epilog_5
0000e7ce   func_epilog_6
0000e7cc   func_epilog_7
0000e6b2   init
0000e860   leftBigWheel
00000228   leftBigWheelIsLow
0000e861   leftSmallWheel
0000022a   leftSmallWheelIsLow
0000e000   loop
0000e7dc   main
0000e7ba   memcpy
ffffffff   pinit
0000e863   rightSmallWheel
0000022c   rightSmallWheelIsLow
00000200   rx_buffer
00000216   temp
0000e862   volumeWheel


GLOBAL SYMBOLS: SORTED BY Symbol Address 

address    name
--------   ----
00000000   IE1
00000001   __TI_args_main
00000001   __TI_auto_init
00000001   __TI_exit
00000002   IFG1
00000020   P1IN
00000021   P1OUT
00000022   P1DIR
00000023   P1IFG
00000024   P1IES
00000025   P1IE
00000026   P1SEL
00000027   P1REN
00000028   P2IN
00000029   P2OUT
0000002a   P2DIR
0000002b   P2IFG
0000002c   P2IES
0000002d   P2IE
0000002e   P2SEL
0000002f   P2REN
00000041   P1SEL2
00000042   P2SEL2
00000048   ADC10DTC0
00000049   ADC10DTC1
0000004a   ADC10AE0
00000050   __STACK_SIZE
00000053   BCSCTL3
00000056   DCOCTL
00000057   BCSCTL1
00000058   BCSCTL2
00000059   CACTL1
0000005a   CACTL2
0000005b   CAPD
00000078   USICTL
00000078   USICTL0
00000079   USICTL1
0000007a   USICCTL
0000007a   USICKCTL
0000007b   USICNT
0000007c   USISR
0000007c   USISRL
0000007d   USISRH
00000120   WDTCTL
00000128   FCTL1
0000012a   FCTL2
0000012c   FCTL3
0000012e   TA0IV
00000160   TA0CTL
00000162   TA0CCTL0
00000164   TA0CCTL1
00000166   TA0CCTL2
00000170   TA0R
00000172   TA0CCR0
00000174   TA0CCR1
00000176   TA0CCR2
000001b0   ADC10CTL0
000001b2   ADC10CTL1
000001b4   ADC10MEM
000001bc   ADC10SA
00000200   .bss
00000200   __bss__
00000200   rx_buffer
00000214   USARTTXBUF
00000216   temp
0000021c   button1IsLow
0000021e   button2IsLow
00000220   button3IsLow
00000222   button4IsLow
00000224   button5IsLow
00000226   button6IsLow
00000228   leftBigWheelIsLow
0000022a   leftSmallWheelIsLow
0000022c   rightSmallWheelIsLow
0000022e   _lock
00000230   _unlock
00000232   _cleanup_ptr
00000234   _dtors_ptr
00000236   __end__
00000236   end
000002b0   _stack
00000300   __STACK_END
000010f8   CALDCO_16MHZ
000010f9   CALBC1_16MHZ
000010fa   CALDCO_12MHZ
000010fb   CALBC1_12MHZ
000010fc   CALDCO_8MHZ
000010fd   CALBC1_8MHZ
000010fe   CALDCO_1MHZ
000010ff   CALBC1_1MHZ
0000e000   .text
0000e000   __text__
0000e000   loop
0000e26c   __fs_sub
0000e272   __fs_add
0000e39c   __fs_div
0000e436   Set_DCO
0000e4ac   SoftSerial_RX_ISR
0000e520   analogRead
0000e57c   _auto_init
0000e5c2   __fs_tou
0000e608   SoftSerial_SendByte
0000e642   SoftSerial_TX_ISR
0000e67c   __fs_itof
0000e6b2   init
0000e6e0   I_LSL
0000e6ec   I_LSL_15
0000e6ee   I_LSL_14
0000e6f0   I_LSL_13
0000e6f2   I_LSL_12
0000e6f4   I_LSL_11
0000e6f6   I_LSL_10
0000e6f8   I_LSL_9
0000e6fa   I_LSL_8
0000e6fc   I_LSL_7
0000e6fe   I_LSL_6
0000e700   I_LSL_5
0000e702   I_LSL_4
0000e704   I_LSL_3
0000e706   I_LSL_2
0000e708   I_LSL_1
0000e70c   _c_int00
0000e70c   _c_int00_noexit
0000e732   __fs_utof
0000e756   SoftSerial_init
0000e778   analogPinSelect
0000e790   delay_ms
0000e7a8   adcInit
0000e7ba   memcpy
0000e7cc   func_epilog_7
0000e7ce   func_epilog_6
0000e7d0   func_epilog_5
0000e7d2   func_epilog_4
0000e7d4   func_epilog_3
0000e7d6   func_epilog_2
0000e7d8   func_epilog_1
0000e7dc   main
0000e7e8   _system_pre_init
0000e7ec   C$$EXIT
0000e7ec   abort
0000e7f0   _nop
0000e7f2   __cinit__
0000e7f2   __etext__
0000e7f2   cinit
0000e7f2   etext
0000e85a   button1
0000e85b   button2
0000e85c   button3
0000e85d   button4
0000e85e   button5
0000e85f   button6
0000e860   leftBigWheel
0000e861   leftSmallWheel
0000e862   volumeWheel
0000e863   rightSmallWheel
0000fffe   _reset_vector
ffffffff   __binit__
ffffffff   __c_args__
ffffffff   __pinit__
ffffffff   binit
ffffffff   pinit

[161 symbols]
